// Jest Snapshot v1, https://goo.gl/fbAQLP

exports[`should render AddEntryPage correctly 1`] = `
<div>
  <h1>
    Add Entry
  </h1>
  <EntryForm
    onSubmit={[Function]}
  />
</div>
`;
