// Jest Snapshot v1, https://goo.gl/fbAQLP

exports[`should render EntryListItem correctly 1`] = `
<div>
  <Link
    replace={false}
    to="/edit/1"
  >
    <h3>
      Gum
    </h3>
  </Link>
  <p>
    Dec 31st, 1969
    -
  </p>
</div>
`;
