// Jest Snapshot v1, https://goo.gl/fbAQLP

exports[`should render EntryList with empty message 1`] = `
<div>
  <p>
    No Entries
  </p>
</div>
`;

exports[`should render EntryList with entries 1`] = `
<div>
  <EntryListItem
    createdAt={0}
    description="Gum"
    id="1"
    key="1"
    note=""
    tag="task"
  />
  <EntryListItem
    createdAt={-345600000}
    description="Rent"
    id="2"
    key="2"
    note=""
    tag="task"
  />
  <EntryListItem
    createdAt={345600000}
    description="Credit Card"
    id="3"
    key="3"
    note=""
    tag="task"
  />
</div>
`;
